2025-09-26T17:19:39.366-05:00  INFO 44256 --- [ReactiveProject] [restartedMain] co.com.pragma.MainApplication            : Starting MainApplication using Java 24.0.2 with PID 44256 (C:\workspace\pragma\solicitudes\applications\app-service\build\classes\java\main started by r578 in C:\workspace\pragma\solicitudes)
2025-09-26T17:19:39.400-05:00 DEBUG 44256 --- [ReactiveProject] [restartedMain] co.com.pragma.MainApplication            : Running with Spring Boot v3.5.4, Spring v6.2.9
2025-09-26T17:19:39.403-05:00  INFO 44256 --- [ReactiveProject] [restartedMain] co.com.pragma.MainApplication            : No active profile set, falling back to 1 default profile: "default"
2025-09-26T17:19:39.676-05:00  INFO 44256 --- [ReactiveProject] [restartedMain] .e.DevToolsPropertyDefaultsPostProcessor : For additional web related logging consider setting the 'logging.level.web' property to 'DEBUG'
2025-09-26T17:19:45.595-05:00  INFO 44256 --- [ReactiveProject] [restartedMain] .s.d.r.c.RepositoryConfigurationDelegate : Bootstrapping Spring Data R2DBC repositories in DEFAULT mode.
2025-09-26T17:19:46.685-05:00  INFO 44256 --- [ReactiveProject] [restartedMain] .s.d.r.c.RepositoryConfigurationDelegate : Finished Spring Data repository scanning in 1053 ms. Found 3 R2DBC repository interfaces.
2025-09-26T17:20:05.693-05:00  INFO 44256 --- [ReactiveProject] [restartedMain] o.s.b.d.a.OptionalLiveReloadServer       : LiveReload server is running on port 35729
2025-09-26T17:20:08.038-05:00 ERROR 44256 --- [ReactiveProject] [restartedMain] c.c.p.sqs.listener.helper.SQSListener    : Error listening sqs queue

software.amazon.awssdk.core.exception.SdkClientException: Unable to load credentials from any of the providers in the chain AwsCredentialsProviderChain(credentialsProviders=[EnvironmentVariableCredentialsProvider(), SystemPropertyCredentialsProvider(), WebIdentityTokenCredentialsProvider(), ProfileCredentialsProvider(profileName=default, profileFile=ProfileFile(sections=[])), ContainerCredentialsProvider(), InstanceProfileCredentialsProvider()]) : [EnvironmentVariableCredentialsProvider(): Unable to load credentials from system settings. Access key must be specified either via environment variable (AWS_ACCESS_KEY_ID) or system property (aws.accessKeyId)., SystemPropertyCredentialsProvider(): Unable to load credentials from system settings. Access key must be specified either via environment variable (AWS_ACCESS_KEY_ID) or system property (aws.accessKeyId)., WebIdentityTokenCredentialsProvider(): Either the environment variable AWS_WEB_IDENTITY_TOKEN_FILE or the javaproperty aws.webIdentityTokenFile must be set., ProfileCredentialsProvider(profileName=default, profileFile=ProfileFile(sections=[])): Profile file contained no credentials for profile 'default': ProfileFile(sections=[]), ContainerCredentialsProvider(): Cannot fetch credentials from container - neither AWS_CONTAINER_CREDENTIALS_FULL_URI or AWS_CONTAINER_CREDENTIALS_RELATIVE_URI environment variables are set., InstanceProfileCredentialsProvider(): Failed to load credentials from IMDS.]
	at software.amazon.awssdk.core.exception.SdkClientException$BuilderImpl.build(SdkClientException.java:130) ~[sdk-core-2.32.13.jar:na]
	at software.amazon.awssdk.auth.credentials.AwsCredentialsProviderChain.resolveCredentials(AwsCredentialsProviderChain.java:130) ~[auth-2.32.13.jar:na]
	at software.amazon.awssdk.auth.credentials.AwsCredentialsProvider.resolveIdentity(AwsCredentialsProvider.java:54) ~[auth-2.32.13.jar:na]
	at software.amazon.awssdk.services.sqs.auth.scheme.internal.SqsAuthSchemeInterceptor.lambda$trySelectAuthScheme$4(SqsAuthSchemeInterceptor.java:134) ~[sqs-2.32.13.jar:na]
	at software.amazon.awssdk.core.internal.util.MetricUtils.reportDuration(MetricUtils.java:81) ~[sdk-core-2.32.13.jar:na]
	at software.amazon.awssdk.services.sqs.auth.scheme.internal.SqsAuthSchemeInterceptor.trySelectAuthScheme(SqsAuthSchemeInterceptor.java:134) ~[sqs-2.32.13.jar:na]
	at software.amazon.awssdk.services.sqs.auth.scheme.internal.SqsAuthSchemeInterceptor.selectAuthScheme(SqsAuthSchemeInterceptor.java:81) ~[sqs-2.32.13.jar:na]
	at software.amazon.awssdk.services.sqs.auth.scheme.internal.SqsAuthSchemeInterceptor.beforeExecution(SqsAuthSchemeInterceptor.java:61) ~[sqs-2.32.13.jar:na]
	at software.amazon.awssdk.core.interceptor.ExecutionInterceptorChain.lambda$beforeExecution$1(ExecutionInterceptorChain.java:59) ~[sdk-core-2.32.13.jar:na]
	at java.base/java.util.ArrayList.forEach(ArrayList.java:1604) ~[na:na]
	at software.amazon.awssdk.core.interceptor.ExecutionInterceptorChain.beforeExecution(ExecutionInterceptorChain.java:59) ~[sdk-core-2.32.13.jar:na]
	at software.amazon.awssdk.awscore.internal.AwsExecutionContextBuilder.runInitialInterceptors(AwsExecutionContextBuilder.java:315) ~[aws-core-2.32.13.jar:na]
	at software.amazon.awssdk.awscore.internal.AwsExecutionContextBuilder.invokeInterceptorsAndCreateExecutionContext(AwsExecutionContextBuilder.java:151) ~[aws-core-2.32.13.jar:na]
	at software.amazon.awssdk.awscore.client.handler.AwsAsyncClientHandler.invokeInterceptorsAndCreateExecutionContext(AwsAsyncClientHandler.java:63) ~[aws-core-2.32.13.jar:na]
	at software.amazon.awssdk.core.internal.handler.BaseAsyncClientHandler.lambda$execute$1(BaseAsyncClientHandler.java:75) ~[sdk-core-2.32.13.jar:na]
	at software.amazon.awssdk.core.internal.handler.BaseAsyncClientHandler.measureApiCallSuccess(BaseAsyncClientHandler.java:294) ~[sdk-core-2.32.13.jar:na]
	at software.amazon.awssdk.core.internal.handler.BaseAsyncClientHandler.execute(BaseAsyncClientHandler.java:73) ~[sdk-core-2.32.13.jar:na]
	at software.amazon.awssdk.awscore.client.handler.AwsAsyncClientHandler.execute(AwsAsyncClientHandler.java:49) ~[aws-core-2.32.13.jar:na]
	at software.amazon.awssdk.services.sqs.DefaultSqsAsyncClient.receiveMessage(DefaultSqsAsyncClient.java:3399) ~[sqs-2.32.13.jar:na]
	at co.com.pragma.sqs.listener.helper.SQSListener.lambda$getMessages$0(SQSListener.java:60) ~[sqs-listener.jar:na]
	at reactor.core.publisher.FluxFlatMap.trySubscribeScalarMap(FluxFlatMap.java:153) ~[reactor-core-3.7.8.jar:3.7.8]
	at reactor.core.publisher.MonoFlatMap.subscribeOrReturn(MonoFlatMap.java:53) ~[reactor-core-3.7.8.jar:3.7.8]
	at reactor.core.publisher.InternalFluxOperator.subscribe(InternalFluxOperator.java:55) ~[reactor-core-3.7.8.jar:3.7.8]
	at reactor.core.publisher.FluxRepeatPredicate$RepeatPredicateSubscriber.resubscribe(FluxRepeatPredicate.java:120) ~[reactor-core-3.7.8.jar:3.7.8]
	at reactor.core.publisher.FluxRepeatPredicate.subscribeOrReturn(FluxRepeatPredicate.java:50) ~[reactor-core-3.7.8.jar:3.7.8]
	at reactor.core.publisher.Flux.subscribe(Flux.java:8876) ~[reactor-core-3.7.8.jar:3.7.8]
	at reactor.core.publisher.Flux.subscribeWith(Flux.java:9012) ~[reactor-core-3.7.8.jar:3.7.8]
	at reactor.core.publisher.Flux.subscribe(Flux.java:8856) ~[reactor-core-3.7.8.jar:3.7.8]
	at reactor.core.publisher.Flux.subscribe(Flux.java:8780) ~[reactor-core-3.7.8.jar:3.7.8]
	at reactor.core.publisher.Flux.subscribe(Flux.java:8698) ~[reactor-core-3.7.8.jar:3.7.8]
	at co.com.pragma.sqs.listener.helper.SQSListener.start(SQSListener.java:31) ~[sqs-listener.jar:na]
	at co.com.pragma.sqs.listener.config.SQSConfig.sqsListener(SQSConfig.java:32) ~[sqs-listener.jar:na]
	at co.com.pragma.sqs.listener.config.SQSConfig$$SpringCGLIB$$0.CGLIB$sqsListener$1(<generated>) ~[sqs-listener.jar:na]
	at co.com.pragma.sqs.listener.config.SQSConfig$$SpringCGLIB$$FastClass$$1.invoke(<generated>) ~[sqs-listener.jar:na]
	at org.springframework.cglib.proxy.MethodProxy.invokeSuper(MethodProxy.java:258) ~[spring-core-6.2.9.jar:6.2.9]
	at org.springframework.context.annotation.ConfigurationClassEnhancer$BeanMethodInterceptor.intercept(ConfigurationClassEnhancer.java:400) ~[spring-context-6.2.9.jar:6.2.9]
	at co.com.pragma.sqs.listener.config.SQSConfig$$SpringCGLIB$$0.sqsListener(<generated>) ~[sqs-listener.jar:na]
	at java.base/jdk.internal.reflect.DirectMethodHandleAccessor.invoke(DirectMethodHandleAccessor.java:104) ~[na:na]
	at java.base/java.lang.reflect.Method.invoke(Method.java:565) ~[na:na]
	at org.springframework.beans.factory.support.SimpleInstantiationStrategy.lambda$instantiate$0(SimpleInstantiationStrategy.java:172) ~[spring-beans-6.2.9.jar:6.2.9]
	at org.springframework.beans.factory.support.SimpleInstantiationStrategy.instantiateWithFactoryMethod(SimpleInstantiationStrategy.java:89) ~[spring-beans-6.2.9.jar:6.2.9]
	at org.springframework.beans.factory.support.SimpleInstantiationStrategy.instantiate(SimpleInstantiationStrategy.java:169) ~[spring-beans-6.2.9.jar:6.2.9]
	at org.springframework.beans.factory.support.ConstructorResolver.instantiate(ConstructorResolver.java:653) ~[spring-beans-6.2.9.jar:6.2.9]
	at org.springframework.beans.factory.support.ConstructorResolver.instantiateUsingFactoryMethod(ConstructorResolver.java:645) ~[spring-beans-6.2.9.jar:6.2.9]
	at org.springframework.beans.factory.support.AbstractAutowireCapableBeanFactory.instantiateUsingFactoryMethod(AbstractAutowireCapableBeanFactory.java:1375) ~[spring-beans-6.2.9.jar:6.2.9]
	at org.springframework.beans.factory.support.AbstractAutowireCapableBeanFactory.createBeanInstance(AbstractAutowireCapableBeanFactory.java:1205) ~[spring-beans-6.2.9.jar:6.2.9]
	at org.springframework.beans.factory.support.AbstractAutowireCapableBeanFactory.doCreateBean(AbstractAutowireCapableBeanFactory.java:569) ~[spring-beans-6.2.9.jar:6.2.9]
	at org.springframework.beans.factory.support.AbstractAutowireCapableBeanFactory.createBean(AbstractAutowireCapableBeanFactory.java:529) ~[spring-beans-6.2.9.jar:6.2.9]
	at org.springframework.beans.factory.support.AbstractBeanFactory.lambda$doGetBean$0(AbstractBeanFactory.java:339) ~[spring-beans-6.2.9.jar:6.2.9]
	at org.springframework.beans.factory.support.DefaultSingletonBeanRegistry.getSingleton(DefaultSingletonBeanRegistry.java:373) ~[spring-beans-6.2.9.jar:6.2.9]
	at org.springframework.beans.factory.support.AbstractBeanFactory.doGetBean(AbstractBeanFactory.java:337) ~[spring-beans-6.2.9.jar:6.2.9]
	at org.springframework.beans.factory.support.AbstractBeanFactory.getBean(AbstractBeanFactory.java:202) ~[spring-beans-6.2.9.jar:6.2.9]
	at org.springframework.beans.factory.support.DefaultListableBeanFactory.instantiateSingleton(DefaultListableBeanFactory.java:1222) ~[spring-beans-6.2.9.jar:6.2.9]
	at org.springframework.beans.factory.support.DefaultListableBeanFactory.preInstantiateSingleton(DefaultListableBeanFactory.java:1188) ~[spring-beans-6.2.9.jar:6.2.9]
	at org.springframework.beans.factory.support.DefaultListableBeanFactory.preInstantiateSingletons(DefaultListableBeanFactory.java:1123) ~[spring-beans-6.2.9.jar:6.2.9]
	at org.springframework.context.support.AbstractApplicationContext.finishBeanFactoryInitialization(AbstractApplicationContext.java:987) ~[spring-context-6.2.9.jar:6.2.9]
	at org.springframework.context.support.AbstractApplicationContext.refresh(AbstractApplicationContext.java:627) ~[spring-context-6.2.9.jar:6.2.9]
	at org.springframework.boot.web.reactive.context.ReactiveWebServerApplicationContext.refresh(ReactiveWebServerApplicationContext.java:66) ~[spring-boot-3.5.4.jar:3.5.4]
	at org.springframework.boot.SpringApplication.refresh(SpringApplication.java:752) ~[spring-boot-3.5.4.jar:3.5.4]
	at org.springframework.boot.SpringApplication.refreshContext(SpringApplication.java:439) ~[spring-boot-3.5.4.jar:3.5.4]
	at org.springframework.boot.SpringApplication.run(SpringApplication.java:318) ~[spring-boot-3.5.4.jar:3.5.4]
	at org.springframework.boot.SpringApplication.run(SpringApplication.java:1361) ~[spring-boot-3.5.4.jar:3.5.4]
	at org.springframework.boot.SpringApplication.run(SpringApplication.java:1350) ~[spring-boot-3.5.4.jar:3.5.4]
	at co.com.pragma.MainApplication.main(MainApplication.java:11) ~[main/:na]
	at java.base/jdk.internal.reflect.DirectMethodHandleAccessor.invoke(DirectMethodHandleAccessor.java:104) ~[na:na]
	at java.base/java.lang.reflect.Method.invoke(Method.java:565) ~[na:na]
	at org.springframework.boot.devtools.restart.RestartLauncher.run(RestartLauncher.java:50) ~[spring-boot-devtools-3.5.4.jar:3.5.4]

2025-09-26T17:20:08.076-05:00 ERROR 44256 --- [ReactiveProject] [pool-10-thread-1] reactor.core.publisher.Operators         : Operator called default onErrorDropped

reactor.core.Exceptions$ErrorCallbackNotImplemented: software.amazon.awssdk.core.exception.SdkClientException: Unable to load credentials from any of the providers in the chain AwsCredentialsProviderChain(credentialsProviders=[EnvironmentVariableCredentialsProvider(), SystemPropertyCredentialsProvider(), WebIdentityTokenCredentialsProvider(), ProfileCredentialsProvider(profileName=default, profileFile=ProfileFile(sections=[])), ContainerCredentialsProvider(), InstanceProfileCredentialsProvider()]) : [EnvironmentVariableCredentialsProvider(): Unable to load credentials from system settings. Access key must be specified either via environment variable (AWS_ACCESS_KEY_ID) or system property (aws.accessKeyId)., SystemPropertyCredentialsProvider(): Unable to load credentials from system settings. Access key must be specified either via environment variable (AWS_ACCESS_KEY_ID) or system property (aws.accessKeyId)., WebIdentityTokenCredentialsProvider(): Either the environment variable AWS_WEB_IDENTITY_TOKEN_FILE or the javaproperty aws.webIdentityTokenFile must be set., ProfileCredentialsProvider(profileName=default, profileFile=ProfileFile(sections=[])): Profile file contained no credentials for profile 'default': ProfileFile(sections=[]), ContainerCredentialsProvider(): Cannot fetch credentials from container - neither AWS_CONTAINER_CREDENTIALS_FULL_URI or AWS_CONTAINER_CREDENTIALS_RELATIVE_URI environment variables are set., InstanceProfileCredentialsProvider(): Failed to load credentials from IMDS.]
Caused by: software.amazon.awssdk.core.exception.SdkClientException: Unable to load credentials from any of the providers in the chain AwsCredentialsProviderChain(credentialsProviders=[EnvironmentVariableCredentialsProvider(), SystemPropertyCredentialsProvider(), WebIdentityTokenCredentialsProvider(), ProfileCredentialsProvider(profileName=default, profileFile=ProfileFile(sections=[])), ContainerCredentialsProvider(), InstanceProfileCredentialsProvider()]) : [EnvironmentVariableCredentialsProvider(): Unable to load credentials from system settings. Access key must be specified either via environment variable (AWS_ACCESS_KEY_ID) or system property (aws.accessKeyId)., SystemPropertyCredentialsProvider(): Unable to load credentials from system settings. Access key must be specified either via environment variable (AWS_ACCESS_KEY_ID) or system property (aws.accessKeyId)., WebIdentityTokenCredentialsProvider(): Either the environment variable AWS_WEB_IDENTITY_TOKEN_FILE or the javaproperty aws.webIdentityTokenFile must be set., ProfileCredentialsProvider(profileName=default, profileFile=ProfileFile(sections=[])): Profile file contained no credentials for profile 'default': ProfileFile(sections=[]), ContainerCredentialsProvider(): Cannot fetch credentials from container - neither AWS_CONTAINER_CREDENTIALS_FULL_URI or AWS_CONTAINER_CREDENTIALS_RELATIVE_URI environment variables are set., InstanceProfileCredentialsProvider(): Failed to load credentials from IMDS.]
	at software.amazon.awssdk.core.exception.SdkClientException$BuilderImpl.build(SdkClientException.java:130) ~[sdk-core-2.32.13.jar:na]
	at software.amazon.awssdk.auth.credentials.AwsCredentialsProviderChain.resolveCredentials(AwsCredentialsProviderChain.java:130) ~[auth-2.32.13.jar:na]
	at software.amazon.awssdk.auth.credentials.AwsCredentialsProvider.resolveIdentity(AwsCredentialsProvider.java:54) ~[auth-2.32.13.jar:na]
	at software.amazon.awssdk.services.sqs.auth.scheme.internal.SqsAuthSchemeInterceptor.lambda$trySelectAuthScheme$4(SqsAuthSchemeInterceptor.java:134) ~[sqs-2.32.13.jar:na]
	at software.amazon.awssdk.core.internal.util.MetricUtils.reportDuration(MetricUtils.java:81) ~[sdk-core-2.32.13.jar:na]
	at software.amazon.awssdk.services.sqs.auth.scheme.internal.SqsAuthSchemeInterceptor.trySelectAuthScheme(SqsAuthSchemeInterceptor.java:134) ~[sqs-2.32.13.jar:na]
	at software.amazon.awssdk.services.sqs.auth.scheme.internal.SqsAuthSchemeInterceptor.selectAuthScheme(SqsAuthSchemeInterceptor.java:81) ~[sqs-2.32.13.jar:na]
	at software.amazon.awssdk.services.sqs.auth.scheme.internal.SqsAuthSchemeInterceptor.beforeExecution(SqsAuthSchemeInterceptor.java:61) ~[sqs-2.32.13.jar:na]
	at software.amazon.awssdk.core.interceptor.ExecutionInterceptorChain.lambda$beforeExecution$1(ExecutionInterceptorChain.java:59) ~[sdk-core-2.32.13.jar:na]
	at java.base/java.util.ArrayList.forEach(ArrayList.java:1604) ~[na:na]
	at software.amazon.awssdk.core.interceptor.ExecutionInterceptorChain.beforeExecution(ExecutionInterceptorChain.java:59) ~[sdk-core-2.32.13.jar:na]
	at software.amazon.awssdk.awscore.internal.AwsExecutionContextBuilder.runInitialInterceptors(AwsExecutionContextBuilder.java:315) ~[aws-core-2.32.13.jar:na]
	at software.amazon.awssdk.awscore.internal.AwsExecutionContextBuilder.invokeInterceptorsAndCreateExecutionContext(AwsExecutionContextBuilder.java:151) ~[aws-core-2.32.13.jar:na]
	at software.amazon.awssdk.awscore.client.handler.AwsAsyncClientHandler.invokeInterceptorsAndCreateExecutionContext(AwsAsyncClientHandler.java:63) ~[aws-core-2.32.13.jar:na]
	at software.amazon.awssdk.core.internal.handler.BaseAsyncClientHandler.lambda$execute$1(BaseAsyncClientHandler.java:75) ~[sdk-core-2.32.13.jar:na]
	at software.amazon.awssdk.core.internal.handler.BaseAsyncClientHandler.measureApiCallSuccess(BaseAsyncClientHandler.java:294) ~[sdk-core-2.32.13.jar:na]
	at software.amazon.awssdk.core.internal.handler.BaseAsyncClientHandler.execute(BaseAsyncClientHandler.java:73) ~[sdk-core-2.32.13.jar:na]
	at software.amazon.awssdk.awscore.client.handler.AwsAsyncClientHandler.execute(AwsAsyncClientHandler.java:49) ~[aws-core-2.32.13.jar:na]
	at software.amazon.awssdk.services.sqs.DefaultSqsAsyncClient.receiveMessage(DefaultSqsAsyncClient.java:3399) ~[sqs-2.32.13.jar:na]
	at co.com.pragma.sqs.listener.helper.SQSListener.lambda$getMessages$0(SQSListener.java:60) ~[sqs-listener.jar:na]
	at reactor.core.publisher.FluxFlatMap.trySubscribeScalarMap(FluxFlatMap.java:153) ~[reactor-core-3.7.8.jar:3.7.8]
	at reactor.core.publisher.MonoFlatMap.subscribeOrReturn(MonoFlatMap.java:53) ~[reactor-core-3.7.8.jar:3.7.8]
	at reactor.core.publisher.InternalFluxOperator.subscribe(InternalFluxOperator.java:55) ~[reactor-core-3.7.8.jar:3.7.8]
	at reactor.core.publisher.FluxRepeatPredicate$RepeatPredicateSubscriber.resubscribe(FluxRepeatPredicate.java:120) ~[reactor-core-3.7.8.jar:3.7.8]
	at reactor.core.publisher.FluxRepeatPredicate.subscribeOrReturn(FluxRepeatPredicate.java:50) ~[reactor-core-3.7.8.jar:3.7.8]
	at reactor.core.publisher.Flux.subscribe(Flux.java:8876) ~[reactor-core-3.7.8.jar:3.7.8]
	at reactor.core.publisher.Flux.subscribeWith(Flux.java:9012) ~[reactor-core-3.7.8.jar:3.7.8]
	at reactor.core.publisher.Flux.subscribe(Flux.java:8856) ~[reactor-core-3.7.8.jar:3.7.8]
	at reactor.core.publisher.Flux.subscribe(Flux.java:8780) ~[reactor-core-3.7.8.jar:3.7.8]
	at reactor.core.publisher.Flux.subscribe(Flux.java:8698) ~[reactor-core-3.7.8.jar:3.7.8]
	at co.com.pragma.sqs.listener.helper.SQSListener.start(SQSListener.java:31) ~[sqs-listener.jar:na]
	at co.com.pragma.sqs.listener.config.SQSConfig.sqsListener(SQSConfig.java:32) ~[sqs-listener.jar:na]
	at co.com.pragma.sqs.listener.config.SQSConfig$$SpringCGLIB$$0.CGLIB$sqsListener$1(<generated>) ~[sqs-listener.jar:na]
	at co.com.pragma.sqs.listener.config.SQSConfig$$SpringCGLIB$$FastClass$$1.invoke(<generated>) ~[sqs-listener.jar:na]
	at org.springframework.cglib.proxy.MethodProxy.invokeSuper(MethodProxy.java:258) ~[spring-core-6.2.9.jar:6.2.9]
	at org.springframework.context.annotation.ConfigurationClassEnhancer$BeanMethodInterceptor.intercept(ConfigurationClassEnhancer.java:400) ~[spring-context-6.2.9.jar:6.2.9]
	at co.com.pragma.sqs.listener.config.SQSConfig$$SpringCGLIB$$0.sqsListener(<generated>) ~[sqs-listener.jar:na]
	at java.base/jdk.internal.reflect.DirectMethodHandleAccessor.invoke(DirectMethodHandleAccessor.java:104) ~[na:na]
	at java.base/java.lang.reflect.Method.invoke(Method.java:565) ~[na:na]
	at org.springframework.beans.factory.support.SimpleInstantiationStrategy.lambda$instantiate$0(SimpleInstantiationStrategy.java:172) ~[spring-beans-6.2.9.jar:6.2.9]
	at org.springframework.beans.factory.support.SimpleInstantiationStrategy.instantiateWithFactoryMethod(SimpleInstantiationStrategy.java:89) ~[spring-beans-6.2.9.jar:6.2.9]
	at org.springframework.beans.factory.support.SimpleInstantiationStrategy.instantiate(SimpleInstantiationStrategy.java:169) ~[spring-beans-6.2.9.jar:6.2.9]
	at org.springframework.beans.factory.support.ConstructorResolver.instantiate(ConstructorResolver.java:653) ~[spring-beans-6.2.9.jar:6.2.9]
	at org.springframework.beans.factory.support.ConstructorResolver.instantiateUsingFactoryMethod(ConstructorResolver.java:645) ~[spring-beans-6.2.9.jar:6.2.9]
	at org.springframework.beans.factory.support.AbstractAutowireCapableBeanFactory.instantiateUsingFactoryMethod(AbstractAutowireCapableBeanFactory.java:1375) ~[spring-beans-6.2.9.jar:6.2.9]
	at org.springframework.beans.factory.support.AbstractAutowireCapableBeanFactory.createBeanInstance(AbstractAutowireCapableBeanFactory.java:1205) ~[spring-beans-6.2.9.jar:6.2.9]
	at org.springframework.beans.factory.support.AbstractAutowireCapableBeanFactory.doCreateBean(AbstractAutowireCapableBeanFactory.java:569) ~[spring-beans-6.2.9.jar:6.2.9]
	at org.springframework.beans.factory.support.AbstractAutowireCapableBeanFactory.createBean(AbstractAutowireCapableBeanFactory.java:529) ~[spring-beans-6.2.9.jar:6.2.9]
	at org.springframework.beans.factory.support.AbstractBeanFactory.lambda$doGetBean$0(AbstractBeanFactory.java:339) ~[spring-beans-6.2.9.jar:6.2.9]
	at org.springframework.beans.factory.support.DefaultSingletonBeanRegistry.getSingleton(DefaultSingletonBeanRegistry.java:373) ~[spring-beans-6.2.9.jar:6.2.9]
	at org.springframework.beans.factory.support.AbstractBeanFactory.doGetBean(AbstractBeanFactory.java:337) ~[spring-beans-6.2.9.jar:6.2.9]
	at org.springframework.beans.factory.support.AbstractBeanFactory.getBean(AbstractBeanFactory.java:202) ~[spring-beans-6.2.9.jar:6.2.9]
	at org.springframework.beans.factory.support.DefaultListableBeanFactory.instantiateSingleton(DefaultListableBeanFactory.java:1222) ~[spring-beans-6.2.9.jar:6.2.9]
	at org.springframework.beans.factory.support.DefaultListableBeanFactory.preInstantiateSingleton(DefaultListableBeanFactory.java:1188) ~[spring-beans-6.2.9.jar:6.2.9]
	at org.springframework.beans.factory.support.DefaultListableBeanFactory.preInstantiateSingletons(DefaultListableBeanFactory.java:1123) ~[spring-beans-6.2.9.jar:6.2.9]
	at org.springframework.context.support.AbstractApplicationContext.finishBeanFactoryInitialization(AbstractApplicationContext.java:987) ~[spring-context-6.2.9.jar:6.2.9]
	at org.springframework.context.support.AbstractApplicationContext.refresh(AbstractApplicationContext.java:627) ~[spring-context-6.2.9.jar:6.2.9]
	at org.springframework.boot.web.reactive.context.ReactiveWebServerApplicationContext.refresh(ReactiveWebServerApplicationContext.java:66) ~[spring-boot-3.5.4.jar:3.5.4]
	at org.springframework.boot.SpringApplication.refresh(SpringApplication.java:752) ~[spring-boot-3.5.4.jar:3.5.4]
	at org.springframework.boot.SpringApplication.refreshContext(SpringApplication.java:439) ~[spring-boot-3.5.4.jar:3.5.4]
	at org.springframework.boot.SpringApplication.run(SpringApplication.java:318) ~[spring-boot-3.5.4.jar:3.5.4]
	at org.springframework.boot.SpringApplication.run(SpringApplication.java:1361) ~[spring-boot-3.5.4.jar:3.5.4]
	at org.springframework.boot.SpringApplication.run(SpringApplication.java:1350) ~[spring-boot-3.5.4.jar:3.5.4]
	at co.com.pragma.MainApplication.main(MainApplication.java:11) ~[main/:na]
	at java.base/jdk.internal.reflect.DirectMethodHandleAccessor.invoke(DirectMethodHandleAccessor.java:104) ~[na:na]
	at java.base/java.lang.reflect.Method.invoke(Method.java:565) ~[na:na]
	at org.springframework.boot.devtools.restart.RestartLauncher.run(RestartLauncher.java:50) ~[spring-boot-devtools-3.5.4.jar:3.5.4]

2025-09-26T17:20:11.020-05:00  INFO 44256 --- [ReactiveProject] [restartedMain] o.s.b.a.e.web.EndpointLinksResolver      : Exposing 2 endpoints beneath base path '/actuator'
2025-09-26T17:20:15.622-05:00  WARN 44256 --- [ReactiveProject] [restartedMain] onfigReactiveWebServerApplicationContext : Exception encountered during context initialization - cancelling refresh attempt: org.springframework.context.ApplicationContextException: Failed to start bean 'webServerStartStop'
2025-09-26T17:20:17.693-05:00  INFO 44256 --- [ReactiveProject] [restartedMain] .s.b.a.l.ConditionEvaluationReportLogger : 

Error starting ApplicationContext. To display the condition evaluation report re-run your application with 'debug' enabled.
2025-09-26T17:20:17.736-05:00 ERROR 44256 --- [ReactiveProject] [restartedMain] o.s.b.d.LoggingFailureAnalysisReporter   : 

***************************
APPLICATION FAILED TO START
***************************

Description:

Web server failed to start. Port 8081 was already in use.

Action:

Identify and stop the process that's listening on port 8081 or configure this application to listen on another port.

